
> react-typescript-starter@0.1.0 test
> react-scripts test --coverage

Browserslist: caniuse-lite is outdated. Please run:
  npx browserslist@latest --update-db
  Why you should do it regularly: https://github.com/browserslist/browserslist#browsers-data-updating
Browserslist: caniuse-lite is outdated. Please run:
  npx browserslist@latest --update-db
  Why you should do it regularly: https://github.com/browserslist/browserslist#browsers-data-updating
Browserslist: caniuse-lite is outdated. Please run:
  npx browserslist@latest --update-db
  Why you should do it regularly: https://github.com/browserslist/browserslist#browsers-data-updating
PASS src/objects.test.ts
PASS src/arrays.test.ts
PASS src/nested.test.ts
PASS src/components/StartAttempt.test.tsx
PASS src/components/TwoDice.test.tsx
PASS src/bad-components/ChooseTeam.test.tsx
PASS src/functions.test.ts
FAIL src/bad-components/DoubleHalf.test.tsx
  ● DoubleHalf Component tests › You can double AND halve the number.

    TestingLibraryElementError: Unable to find an element with the text: 40. This could be because the text is broken up by multiple elements. In this case, you can provide a function for your text matcher to make your matcher more flexible.

    Ignored nodes: comments, <script />, <style />
    [36m<body>[39m
      [36m<div>[39m
        [36m<div>[39m
          [36m<h3>[39m
            [0mDouble Half[0m
          [36m</h3>[39m
          [36m<div>[39m
            [0mThe current value is: [0m
            [36m<span>[39m
              [0m20[0m
            [36m</span>[39m
          [36m</div>[39m
          [36m<div>[39m
            [36m<button[39m
              [33mclass[39m=[32m"btn btn-primary"[39m
              [33mtype[39m=[32m"button"[39m
            [36m>[39m
              [0mDouble[0m
            [36m</button>[39m
          [36m</div>[39m
          [36m<div>[39m
            [36m<button[39m
              [33mclass[39m=[32m"btn btn-primary"[39m
              [33mtype[39m=[32m"button"[39m
            [36m>[39m
              [0mHalve[0m
            [36m</button>[39m
          [36m</div>[39m
        [36m</div>[39m
      [36m</div>[39m
    [36m</body>[39m

      39 |         expect(screen.queryByText("10")).not.toBeInTheDocument();
      40 |         double.click();
    > 41 |         expect(screen.getByText("40")).toBeInTheDocument();
         |                       ^
      42 |         expect(screen.queryByText("20")).not.toBeInTheDocument();
      43 |         halve.click();
      44 |         expect(screen.getByText("20")).toBeInTheDocument();

      at Object.getElementError (node_modules/@testing-library/dom/dist/config.js:38:19)
      at node_modules/@testing-library/dom/dist/query-helpers.js:90:38
      at node_modules/@testing-library/dom/dist/query-helpers.js:62:17
      at getByText (node_modules/@testing-library/dom/dist/query-helpers.js:111:19)
      at Object.<anonymous> (src/bad-components/DoubleHalf.test.tsx:41:23)

PASS src/components/ChangeType.test.tsx
PASS src/components/CycleHoliday.test.tsx
PASS src/components/Counter.test.tsx
PASS src/components/RevealAnswer.test.tsx
FAIL src/bad-components/ColoredBox.test.tsx
  ● ColoredBox Component tests › Clicking the button advances the color.

    expect(element).toHaveStyle()

    - Expected

    - backgroundColor: green;

      21 |         });
      22 |         nextColor.click();
    > 23 |         expect(screen.getByTestId("colored-box")).toHaveStyle({
         |                                                   ^
      24 |             backgroundColor: "green"
      25 |         });
      26 |         nextColor.click();

      at Object.<anonymous> (src/bad-components/ColoredBox.test.tsx:23:51)

PASS src/bad-components/ShoveBox.test.tsx
PASS src/App.test.tsx
--------------------|---------|----------|---------|---------|-------------------
File                | % Stmts | % Branch | % Funcs | % Lines | Uncovered Line #s 
--------------------|---------|----------|---------|---------|-------------------
All files           |   99.55 |    96.51 |     100 |   99.52 |                   
 src                |   99.36 |    96.87 |     100 |    99.3 |                   
  App.tsx           |     100 |      100 |     100 |     100 |                   
  arrays.ts         |     100 |      100 |     100 |     100 |                   
  functions.ts      |     100 |      100 |     100 |     100 |                   
  nested.ts         |   98.36 |       92 |     100 |   98.11 | 233               
  objects.ts        |     100 |      100 |     100 |     100 |                   
 src/bad-components |     100 |       50 |     100 |     100 |                   
  ChooseTeam.tsx    |     100 |       50 |     100 |     100 | 18                
  ColoredBox.tsx    |     100 |      100 |     100 |     100 |                   
  DoubleHalf.tsx    |     100 |      100 |     100 |     100 |                   
  ShoveBox.tsx      |     100 |      100 |     100 |     100 |                   
 src/components     |     100 |      100 |     100 |     100 |                   
  ChangeType.tsx    |     100 |      100 |     100 |     100 |                   
  Counter.tsx       |     100 |      100 |     100 |     100 |                   
  CycleHoliday.tsx  |     100 |      100 |     100 |     100 |                   
  RevealAnswer.tsx  |     100 |      100 |     100 |     100 |                   
  StartAttempt.tsx  |     100 |      100 |     100 |     100 |                   
  TwoDice.tsx       |     100 |      100 |     100 |     100 |                   
 src/interfaces     |       0 |        0 |       0 |       0 |                   
  answer.ts         |       0 |        0 |       0 |       0 |                   
  question.ts       |       0 |        0 |       0 |       0 |                   
--------------------|---------|----------|---------|---------|-------------------

Test Suites: 2 failed, 13 passed, 15 total
Tests:       2 failed, 108 passed, 110 total
Snapshots:   0 total
Time:        6.257 s
Ran all test suites.
